------------------------------------------------------------
Timing Analyzer Summary
------------------------------------------------------------

Type  : Slow 1200mV 85C Model Setup 'input_vector[1]'
Slack : -16.595
TNS   : -880.631

Type  : Slow 1200mV 85C Model Hold 'input_vector[1]'
Slack : 1.186
TNS   : 0.000

Type  : Slow 1200mV 85C Model Minimum Pulse Width 'input_vector[1]'
Slack : -3.000
TNS   : -104.116

Type  : Slow 1200mV 0C Model Setup 'input_vector[1]'
Slack : -15.632
TNS   : -829.270

Type  : Slow 1200mV 0C Model Hold 'input_vector[1]'
Slack : 1.077
TNS   : 0.000

Type  : Slow 1200mV 0C Model Minimum Pulse Width 'input_vector[1]'
Slack : -3.000
TNS   : -104.116

Type  : Fast 1200mV 0C Model Setup 'input_vector[1]'
Slack : -6.685
TNS   : -351.458

Type  : Fast 1200mV 0C Model Hold 'input_vector[1]'
Slack : 0.499
TNS   : 0.000

Type  : Fast 1200mV 0C Model Minimum Pulse Width 'input_vector[1]'
Slack : -3.000
TNS   : -79.059

------------------------------------------------------------
